<data><result>Fail</result><differences><additions-document1><addition name="doc11">here is a test document</addition><addition name="doc12">i will save as a pdf</addition><addition name="doc13">trying some different spacing</addition><addition name="doc14">to make sure all is well</addition><addition name="doc15" /></additions-document1><additions-document2><addition name="doc21">here is a test</addition><addition name="doc22">i will not save as a pdf</addition><addition name="doc23">trying some alternative spacing</addition><addition name="doc24">testing again</addition></additions-document2></differences></data>